1:1 IDENTIFIER "result"
1:8 ASSIGN "="
1:10 LPAREN "("
1:11 IDENTIFIER "x"
1:13 PLUS "+"
1:15 IDENTIFIER "y"
1:16 RPAREN ")"
1:18 STAR "*"
1:20 LPAREN "("
1:21 IDENTIFIER "z"
1:23 MINUS "-"
1:25 INT_LITERAL "5" 5
1:26 RPAREN ")"
1:28 SLASH "/"
1:30 INT_LITERAL "2" 2
1:31 SEMICOLON ";"
2:1 END_OF_FILE ""
