1:1 IDENTIFIER "arr"
1:4 LBRACKET "["
1:5 INT_LITERAL "0" 0
1:6 RBRACKET "]"
1:8 ASSIGN "="
1:10 IDENTIFIER "arr"
1:13 LBRACKET "["
1:14 INT_LITERAL "1" 1
1:15 RBRACKET "]"
1:17 PLUS "+"
1:19 IDENTIFIER "arr"
1:22 LBRACKET "["
1:23 INT_LITERAL "2" 2
1:24 RBRACKET "]"
1:25 SEMICOLON ";"
2:1 END_OF_FILE ""
